INTERNAL ERROR: ../../libs/test/build/ttc/Test/Golden.ttm: File Not Found
Couldn't open metadata file: ../../libs/test/build/ttc/Test/Golden.ttm
